// Jest Snapshot v1, https://goo.gl/fbAQLP

exports[`<Loader /> matches the snapshot 1`] = `
<div
  className="loader"
>
  <div
    className="spinner"
  />
  <div
    className="loader__message"
  >
    Loading...
  </div>
</div>
`;
